mode: set
github.com/visionik/libfizz-go/fizzy/boards.go:19.68,23.75 3 1
github.com/visionik/libfizz-go/fizzy/boards.go:23.75,25.3 1 1
github.com/visionik/libfizz-go/fizzy/boards.go:27.2,27.20 1 1
github.com/visionik/libfizz-go/fizzy/boards.go:39.82,43.74 3 1
github.com/visionik/libfizz-go/fizzy/boards.go:43.74,45.3 1 1
github.com/visionik/libfizz-go/fizzy/boards.go:47.2,47.20 1 1
github.com/visionik/libfizz-go/fizzy/boards.go:62.95,66.76 3 1
github.com/visionik/libfizz-go/fizzy/boards.go:66.76,68.3 1 1
github.com/visionik/libfizz-go/fizzy/boards.go:70.2,70.20 1 1
github.com/visionik/libfizz-go/fizzy/boards.go:84.111,88.77 3 1
github.com/visionik/libfizz-go/fizzy/boards.go:88.77,90.3 1 1
github.com/visionik/libfizz-go/fizzy/boards.go:92.2,92.20 1 1
github.com/visionik/libfizz-go/fizzy/boards.go:103.75,106.74 2 1
github.com/visionik/libfizz-go/fizzy/boards.go:106.74,108.3 1 0
github.com/visionik/libfizz-go/fizzy/boards.go:110.2,110.12 1 1
github.com/visionik/libfizz-go/fizzy/cache.go:15.32,19.2 1 1
github.com/visionik/libfizz-go/fizzy/cache.go:22.52,27.2 4 1
github.com/visionik/libfizz-go/fizzy/cache.go:30.43,34.2 3 1
github.com/visionik/libfizz-go/fizzy/cache.go:37.29,41.2 3 1
github.com/visionik/libfizz-go/fizzy/cache.go:50.82,52.34 1 1
github.com/visionik/libfizz-go/fizzy/cache.go:52.34,54.3 1 1
github.com/visionik/libfizz-go/fizzy/cache.go:56.2,59.38 2 1
github.com/visionik/libfizz-go/fizzy/cache.go:59.38,61.3 1 1
github.com/visionik/libfizz-go/fizzy/cache.go:63.2,64.16 2 1
github.com/visionik/libfizz-go/fizzy/cache.go:64.16,66.3 1 1
github.com/visionik/libfizz-go/fizzy/cache.go:69.2,69.49 1 1
github.com/visionik/libfizz-go/fizzy/cache.go:69.49,71.3 1 1
github.com/visionik/libfizz-go/fizzy/cache.go:73.2,73.18 1 1
github.com/visionik/libfizz-go/fizzy/cards.go:26.101,30.17 2 1
github.com/visionik/libfizz-go/fizzy/cards.go:30.17,32.25 2 1
github.com/visionik/libfizz-go/fizzy/cards.go:32.25,34.4 1 1
github.com/visionik/libfizz-go/fizzy/cards.go:35.3,35.24 1 1
github.com/visionik/libfizz-go/fizzy/cards.go:35.24,37.4 1 1
github.com/visionik/libfizz-go/fizzy/cards.go:38.3,38.26 1 1
github.com/visionik/libfizz-go/fizzy/cards.go:38.26,40.4 1 0
github.com/visionik/libfizz-go/fizzy/cards.go:41.3,41.27 1 1
github.com/visionik/libfizz-go/fizzy/cards.go:41.27,43.4 1 0
github.com/visionik/libfizz-go/fizzy/cards.go:44.3,44.22 1 1
github.com/visionik/libfizz-go/fizzy/cards.go:44.22,46.4 1 0
github.com/visionik/libfizz-go/fizzy/cards.go:47.3,47.21 1 1
github.com/visionik/libfizz-go/fizzy/cards.go:47.21,49.4 1 1
github.com/visionik/libfizz-go/fizzy/cards.go:53.2,54.74 2 1
github.com/visionik/libfizz-go/fizzy/cards.go:54.74,56.3 1 1
github.com/visionik/libfizz-go/fizzy/cards.go:59.2,62.8 1 1
github.com/visionik/libfizz-go/fizzy/cards.go:72.92,73.17 1 1
github.com/visionik/libfizz-go/fizzy/cards.go:73.17,75.3 1 0
github.com/visionik/libfizz-go/fizzy/cards.go:76.2,76.89 1 1
github.com/visionik/libfizz-go/fizzy/cards.go:76.89,79.3 2 1
github.com/visionik/libfizz-go/fizzy/cards.go:87.79,91.73 3 1
github.com/visionik/libfizz-go/fizzy/cards.go:91.73,93.3 1 1
github.com/visionik/libfizz-go/fizzy/cards.go:95.2,95.19 1 1
github.com/visionik/libfizz-go/fizzy/cards.go:107.92,111.75 3 1
github.com/visionik/libfizz-go/fizzy/cards.go:111.75,113.3 1 1
github.com/visionik/libfizz-go/fizzy/cards.go:115.2,115.19 1 1
github.com/visionik/libfizz-go/fizzy/cards.go:125.107,129.76 3 1
github.com/visionik/libfizz-go/fizzy/cards.go:129.76,131.3 1 1
github.com/visionik/libfizz-go/fizzy/cards.go:133.2,133.19 1 1
github.com/visionik/libfizz-go/fizzy/cards.go:141.73,144.74 2 1
github.com/visionik/libfizz-go/fizzy/cards.go:144.74,146.3 1 1
github.com/visionik/libfizz-go/fizzy/cards.go:148.2,148.12 1 1
github.com/visionik/libfizz-go/fizzy/cards.go:156.72,159.72 2 1
github.com/visionik/libfizz-go/fizzy/cards.go:159.72,161.3 1 0
github.com/visionik/libfizz-go/fizzy/cards.go:163.2,163.12 1 1
github.com/visionik/libfizz-go/fizzy/cards.go:171.73,174.72 2 1
github.com/visionik/libfizz-go/fizzy/cards.go:174.72,176.3 1 0
github.com/visionik/libfizz-go/fizzy/cards.go:178.2,178.12 1 1
github.com/visionik/libfizz-go/fizzy/cards.go:186.75,189.72 2 1
github.com/visionik/libfizz-go/fizzy/cards.go:189.72,191.3 1 0
github.com/visionik/libfizz-go/fizzy/cards.go:193.2,193.12 1 1
github.com/visionik/libfizz-go/fizzy/cards.go:201.73,204.72 2 1
github.com/visionik/libfizz-go/fizzy/cards.go:204.72,206.3 1 1
github.com/visionik/libfizz-go/fizzy/cards.go:208.2,208.12 1 1
github.com/visionik/libfizz-go/fizzy/cards.go:216.89,220.73 3 1
github.com/visionik/libfizz-go/fizzy/cards.go:220.73,222.3 1 1
github.com/visionik/libfizz-go/fizzy/cards.go:224.2,224.12 1 1
github.com/visionik/libfizz-go/fizzy/cards.go:233.81,236.72 2 1
github.com/visionik/libfizz-go/fizzy/cards.go:236.72,238.3 1 1
github.com/visionik/libfizz-go/fizzy/cards.go:240.2,240.12 1 1
github.com/visionik/libfizz-go/fizzy/cards.go:250.79,253.72 2 1
github.com/visionik/libfizz-go/fizzy/cards.go:253.72,255.3 1 1
github.com/visionik/libfizz-go/fizzy/cards.go:257.2,257.12 1 1
github.com/visionik/libfizz-go/fizzy/cards.go:265.72,268.72 2 1
github.com/visionik/libfizz-go/fizzy/cards.go:268.72,270.3 1 1
github.com/visionik/libfizz-go/fizzy/cards.go:272.2,272.12 1 1
github.com/visionik/libfizz-go/fizzy/cards.go:280.74,283.72 2 1
github.com/visionik/libfizz-go/fizzy/cards.go:283.72,285.3 1 1
github.com/visionik/libfizz-go/fizzy/cards.go:287.2,287.12 1 1
github.com/visionik/libfizz-go/fizzy/cards.go:295.77,298.72 2 1
github.com/visionik/libfizz-go/fizzy/cards.go:298.72,300.3 1 1
github.com/visionik/libfizz-go/fizzy/cards.go:302.2,302.12 1 1
github.com/visionik/libfizz-go/fizzy/cards.go:310.79,313.72 2 1
github.com/visionik/libfizz-go/fizzy/cards.go:313.72,315.3 1 1
github.com/visionik/libfizz-go/fizzy/cards.go:317.2,317.12 1 1
github.com/visionik/libfizz-go/fizzy/client.go:75.73,87.27 2 1
github.com/visionik/libfizz-go/fizzy/client.go:87.27,89.3 1 1
github.com/visionik/libfizz-go/fizzy/client.go:92.2,101.20 3 1
github.com/visionik/libfizz-go/fizzy/client.go:101.20,106.3 1 1
github.com/visionik/libfizz-go/fizzy/client.go:108.2,126.10 13 1
github.com/visionik/libfizz-go/fizzy/client.go:130.114,136.17 3 1
github.com/visionik/libfizz-go/fizzy/client.go:136.17,138.17 2 1
github.com/visionik/libfizz-go/fizzy/client.go:138.17,140.4 1 0
github.com/visionik/libfizz-go/fizzy/client.go:141.3,141.42 1 1
github.com/visionik/libfizz-go/fizzy/client.go:145.2,146.16 2 1
github.com/visionik/libfizz-go/fizzy/client.go:146.16,148.3 1 0
github.com/visionik/libfizz-go/fizzy/client.go:151.2,153.17 3 1
github.com/visionik/libfizz-go/fizzy/client.go:153.17,155.3 1 1
github.com/visionik/libfizz-go/fizzy/client.go:158.2,158.23 1 1
github.com/visionik/libfizz-go/fizzy/client.go:158.23,160.47 2 1
github.com/visionik/libfizz-go/fizzy/client.go:160.47,162.4 1 1
github.com/visionik/libfizz-go/fizzy/client.go:166.2,167.16 2 1
github.com/visionik/libfizz-go/fizzy/client.go:167.16,169.3 1 1
github.com/visionik/libfizz-go/fizzy/client.go:170.2,173.47 2 1
github.com/visionik/libfizz-go/fizzy/client.go:173.47,176.3 1 0
github.com/visionik/libfizz-go/fizzy/client.go:179.2,179.28 1 1
github.com/visionik/libfizz-go/fizzy/client.go:179.28,182.20 3 0
github.com/visionik/libfizz-go/fizzy/client.go:182.20,184.4 1 0
github.com/visionik/libfizz-go/fizzy/client.go:185.3,186.67 2 0
github.com/visionik/libfizz-go/fizzy/client.go:190.2,190.62 1 1
github.com/visionik/libfizz-go/fizzy/client.go:190.62,191.67 1 1
github.com/visionik/libfizz-go/fizzy/client.go:191.67,193.4 1 0
github.com/visionik/libfizz-go/fizzy/client.go:196.2,196.12 1 1
github.com/visionik/libfizz-go/fizzy/client_options.go:10.54,11.25 1 1
github.com/visionik/libfizz-go/fizzy/client_options.go:11.25,13.3 1 1
github.com/visionik/libfizz-go/fizzy/client_options.go:18.47,19.25 1 1
github.com/visionik/libfizz-go/fizzy/client_options.go:19.25,21.3 1 1
github.com/visionik/libfizz-go/fizzy/client_options.go:26.43,27.25 1 1
github.com/visionik/libfizz-go/fizzy/client_options.go:27.25,29.3 1 1
github.com/visionik/libfizz-go/fizzy/client_options.go:34.50,35.25 1 1
github.com/visionik/libfizz-go/fizzy/client_options.go:35.25,37.3 1 1
github.com/visionik/libfizz-go/fizzy/columns.go:9.86,13.76 3 1
github.com/visionik/libfizz-go/fizzy/columns.go:13.76,15.3 1 1
github.com/visionik/libfizz-go/fizzy/columns.go:17.2,17.21 1 1
github.com/visionik/libfizz-go/fizzy/columns.go:21.94,25.75 3 1
github.com/visionik/libfizz-go/fizzy/columns.go:25.75,27.3 1 1
github.com/visionik/libfizz-go/fizzy/columns.go:29.2,29.21 1 1
github.com/visionik/libfizz-go/fizzy/columns.go:33.114,37.77 3 1
github.com/visionik/libfizz-go/fizzy/columns.go:37.77,39.3 1 1
github.com/visionik/libfizz-go/fizzy/columns.go:41.2,41.21 1 1
github.com/visionik/libfizz-go/fizzy/columns.go:45.124,49.78 3 1
github.com/visionik/libfizz-go/fizzy/columns.go:49.78,51.3 1 1
github.com/visionik/libfizz-go/fizzy/columns.go:53.2,53.21 1 1
github.com/visionik/libfizz-go/fizzy/columns.go:57.86,60.74 2 1
github.com/visionik/libfizz-go/fizzy/columns.go:60.74,62.3 1 1
github.com/visionik/libfizz-go/fizzy/columns.go:64.2,64.12 1 1
github.com/visionik/libfizz-go/fizzy/comments.go:13.87,17.77 3 1
github.com/visionik/libfizz-go/fizzy/comments.go:17.77,19.3 1 1
github.com/visionik/libfizz-go/fizzy/comments.go:21.2,21.22 1 1
github.com/visionik/libfizz-go/fizzy/comments.go:31.116,35.78 3 1
github.com/visionik/libfizz-go/fizzy/comments.go:35.78,37.3 1 1
github.com/visionik/libfizz-go/fizzy/comments.go:39.2,39.22 1 1
github.com/visionik/libfizz-go/fizzy/comments.go:49.127,53.79 3 1
github.com/visionik/libfizz-go/fizzy/comments.go:53.79,55.3 1 1
github.com/visionik/libfizz-go/fizzy/comments.go:57.2,57.22 1 1
github.com/visionik/libfizz-go/fizzy/comments.go:65.87,68.74 2 1
github.com/visionik/libfizz-go/fizzy/comments.go:68.74,70.3 1 1
github.com/visionik/libfizz-go/fizzy/comments.go:72.2,72.12 1 1
github.com/visionik/libfizz-go/fizzy/errors.go:12.37,13.23 1 1
github.com/visionik/libfizz-go/fizzy/errors.go:13.23,15.3 1 1
github.com/visionik/libfizz-go/fizzy/errors.go:16.2,16.70 1 1
github.com/visionik/libfizz-go/fizzy/errors.go:56.76,63.20 2 1
github.com/visionik/libfizz-go/fizzy/errors.go:64.11,65.47 1 1
github.com/visionik/libfizz-go/fizzy/errors.go:66.11,67.51 1 1
github.com/visionik/libfizz-go/fizzy/errors.go:68.11,69.46 1 1
github.com/visionik/libfizz-go/fizzy/errors.go:70.11,71.45 1 1
github.com/visionik/libfizz-go/fizzy/errors.go:72.11,73.56 1 1
github.com/visionik/libfizz-go/fizzy/errors.go:74.11,75.46 1 1
github.com/visionik/libfizz-go/fizzy/errors.go:76.10,77.24 1 1
github.com/visionik/libfizz-go/fizzy/errors.go:77.24,79.4 1 1
github.com/visionik/libfizz-go/fizzy/errors.go:80.3,80.18 1 1
github.com/visionik/libfizz-go/fizzy/identity.go:20.71,24.77 3 1
github.com/visionik/libfizz-go/fizzy/identity.go:24.77,26.3 1 1
github.com/visionik/libfizz-go/fizzy/identity.go:28.2,28.23 1 1
github.com/visionik/libfizz-go/fizzy/notifications.go:9.82,13.82 3 1
github.com/visionik/libfizz-go/fizzy/notifications.go:13.82,15.3 1 1
github.com/visionik/libfizz-go/fizzy/notifications.go:17.2,17.27 1 1
github.com/visionik/libfizz-go/fizzy/notifications.go:21.87,24.72 2 1
github.com/visionik/libfizz-go/fizzy/notifications.go:24.72,26.3 1 1
github.com/visionik/libfizz-go/fizzy/notifications.go:28.2,28.12 1 1
github.com/visionik/libfizz-go/fizzy/notifications.go:32.89,35.72 2 1
github.com/visionik/libfizz-go/fizzy/notifications.go:35.72,37.3 1 1
github.com/visionik/libfizz-go/fizzy/notifications.go:39.2,39.12 1 1
github.com/visionik/libfizz-go/fizzy/notifications.go:43.67,46.72 2 1
github.com/visionik/libfizz-go/fizzy/notifications.go:46.72,48.3 1 1
github.com/visionik/libfizz-go/fizzy/notifications.go:50.2,50.12 1 1
github.com/visionik/libfizz-go/fizzy/pagination.go:16.74,20.6 3 1
github.com/visionik/libfizz-go/fizzy/pagination.go:20.6,22.17 2 1
github.com/visionik/libfizz-go/fizzy/pagination.go:22.17,24.4 1 1
github.com/visionik/libfizz-go/fizzy/pagination.go:26.3,29.28 2 1
github.com/visionik/libfizz-go/fizzy/pagination.go:29.28,30.9 1 1
github.com/visionik/libfizz-go/fizzy/pagination.go:33.3,33.25 1 1
github.com/visionik/libfizz-go/fizzy/pagination.go:36.2,36.22 1 1
github.com/visionik/libfizz-go/fizzy/reactions.go:9.100,13.78 3 1
github.com/visionik/libfizz-go/fizzy/reactions.go:13.78,15.3 1 1
github.com/visionik/libfizz-go/fizzy/reactions.go:17.2,17.23 1 1
github.com/visionik/libfizz-go/fizzy/reactions.go:21.130,25.79 3 1
github.com/visionik/libfizz-go/fizzy/reactions.go:25.79,27.3 1 1
github.com/visionik/libfizz-go/fizzy/reactions.go:29.2,29.23 1 1
github.com/visionik/libfizz-go/fizzy/reactions.go:33.100,36.74 2 1
github.com/visionik/libfizz-go/fizzy/reactions.go:36.74,38.3 1 1
github.com/visionik/libfizz-go/fizzy/reactions.go:40.2,40.12 1 1
github.com/visionik/libfizz-go/fizzy/retry.go:18.82,25.55 4 1
github.com/visionik/libfizz-go/fizzy/retry.go:25.55,27.35 1 1
github.com/visionik/libfizz-go/fizzy/retry.go:27.35,29.4 1 0
github.com/visionik/libfizz-go/fizzy/retry.go:32.3,33.22 2 1
github.com/visionik/libfizz-go/fizzy/retry.go:33.22,36.26 1 1
github.com/visionik/libfizz-go/fizzy/retry.go:36.26,38.23 2 1
github.com/visionik/libfizz-go/fizzy/retry.go:38.23,40.6 1 0
github.com/visionik/libfizz-go/fizzy/retry.go:41.5,41.25 1 1
github.com/visionik/libfizz-go/fizzy/retry.go:45.3,48.17 2 1
github.com/visionik/libfizz-go/fizzy/retry.go:48.17,49.55 1 1
github.com/visionik/libfizz-go/fizzy/retry.go:49.55,51.12 2 0
github.com/visionik/libfizz-go/fizzy/retry.go:52.30,53.14 1 0
github.com/visionik/libfizz-go/fizzy/retry.go:54.23,55.27 1 0
github.com/visionik/libfizz-go/fizzy/retry.go:58.4,58.19 1 1
github.com/visionik/libfizz-go/fizzy/retry.go:62.3,65.23 2 1
github.com/visionik/libfizz-go/fizzy/retry.go:65.23,67.4 1 1
github.com/visionik/libfizz-go/fizzy/retry.go:70.3,76.19 4 1
github.com/visionik/libfizz-go/fizzy/retry.go:76.19,79.21 2 1
github.com/visionik/libfizz-go/fizzy/retry.go:79.21,81.5 1 0
github.com/visionik/libfizz-go/fizzy/retry.go:82.4,83.68 2 1
github.com/visionik/libfizz-go/fizzy/retry.go:87.3,88.10 2 1
github.com/visionik/libfizz-go/fizzy/retry.go:89.28,89.28 0 1
github.com/visionik/libfizz-go/fizzy/retry.go:91.21,92.25 1 1
github.com/visionik/libfizz-go/fizzy/retry.go:97.2,97.18 1 0
github.com/visionik/libfizz-go/fizzy/retry.go:101.46,104.2 2 1
github.com/visionik/libfizz-go/fizzy/retry.go:107.39,110.64 1 1
github.com/visionik/libfizz-go/fizzy/retry.go:110.64,112.3 1 1
github.com/visionik/libfizz-go/fizzy/retry.go:113.2,113.13 1 1
github.com/visionik/libfizz-go/fizzy/steps.go:9.81,13.74 3 1
github.com/visionik/libfizz-go/fizzy/steps.go:13.74,15.3 1 1
github.com/visionik/libfizz-go/fizzy/steps.go:17.2,17.19 1 1
github.com/visionik/libfizz-go/fizzy/steps.go:21.87,25.73 3 1
github.com/visionik/libfizz-go/fizzy/steps.go:25.73,27.3 1 1
github.com/visionik/libfizz-go/fizzy/steps.go:29.2,29.19 1 1
github.com/visionik/libfizz-go/fizzy/steps.go:33.107,37.75 3 1
github.com/visionik/libfizz-go/fizzy/steps.go:37.75,39.3 1 1
github.com/visionik/libfizz-go/fizzy/steps.go:41.2,41.19 1 1
github.com/visionik/libfizz-go/fizzy/steps.go:45.115,49.76 3 1
github.com/visionik/libfizz-go/fizzy/steps.go:49.76,51.3 1 1
github.com/visionik/libfizz-go/fizzy/steps.go:53.2,53.19 1 1
github.com/visionik/libfizz-go/fizzy/steps.go:57.81,60.74 2 1
github.com/visionik/libfizz-go/fizzy/steps.go:60.74,62.3 1 1
github.com/visionik/libfizz-go/fizzy/steps.go:64.2,64.12 1 1
github.com/visionik/libfizz-go/fizzy/tags.go:9.64,13.73 3 1
github.com/visionik/libfizz-go/fizzy/tags.go:13.73,15.3 1 1
github.com/visionik/libfizz-go/fizzy/tags.go:17.2,17.18 1 1
github.com/visionik/libfizz-go/fizzy/tags.go:21.89,25.74 3 1
github.com/visionik/libfizz-go/fizzy/tags.go:25.74,27.3 1 1
github.com/visionik/libfizz-go/fizzy/tags.go:29.2,29.18 1 1
github.com/visionik/libfizz-go/fizzy/uploads.go:17.123,21.78 3 1
github.com/visionik/libfizz-go/fizzy/uploads.go:21.78,23.3 1 1
github.com/visionik/libfizz-go/fizzy/uploads.go:25.2,25.23 1 1
github.com/visionik/libfizz-go/fizzy/uploads.go:43.104,46.16 2 0
github.com/visionik/libfizz-go/fizzy/uploads.go:46.16,48.3 1 0
github.com/visionik/libfizz-go/fizzy/uploads.go:49.2,53.16 3 0
github.com/visionik/libfizz-go/fizzy/uploads.go:53.16,55.3 1 0
github.com/visionik/libfizz-go/fizzy/uploads.go:58.2,59.47 2 0
github.com/visionik/libfizz-go/fizzy/uploads.go:59.47,61.3 1 0
github.com/visionik/libfizz-go/fizzy/uploads.go:62.2,65.43 2 0
github.com/visionik/libfizz-go/fizzy/uploads.go:65.43,67.3 1 0
github.com/visionik/libfizz-go/fizzy/uploads.go:70.2,78.16 2 0
github.com/visionik/libfizz-go/fizzy/uploads.go:78.16,80.3 1 0
github.com/visionik/libfizz-go/fizzy/uploads.go:83.2,84.16 2 0
github.com/visionik/libfizz-go/fizzy/uploads.go:84.16,86.3 1 0
github.com/visionik/libfizz-go/fizzy/uploads.go:89.2,89.45 1 0
github.com/visionik/libfizz-go/fizzy/uploads.go:89.45,91.3 1 0
github.com/visionik/libfizz-go/fizzy/uploads.go:94.2,96.16 3 0
github.com/visionik/libfizz-go/fizzy/uploads.go:96.16,98.3 1 0
github.com/visionik/libfizz-go/fizzy/uploads.go:99.2,101.28 2 0
github.com/visionik/libfizz-go/fizzy/uploads.go:101.28,104.3 2 0
github.com/visionik/libfizz-go/fizzy/uploads.go:106.2,106.31 1 0
github.com/visionik/libfizz-go/fizzy/users.go:9.66,13.74 3 1
github.com/visionik/libfizz-go/fizzy/users.go:13.74,15.3 1 1
github.com/visionik/libfizz-go/fizzy/users.go:17.2,17.19 1 1
